#
# This is the expected mapping from the testround.inp file when used in
# isolation with empty no prior mapping information.
#

RoadMap05 = {                # RoadMap()
  'Wick Lane'          : 1,  # 5
  'Hall Lane'          : 3,  # 6, New Bungalow, Olde Barn
  'Gordon Road'        : 3,  # 16, 24, 57
  'Gordon Way'         : 1,  # 20
  'Richmond Cresent'   : 2,  # 14, 23
  'Queens Road'        : 1,  # 10
  'Laurel Avenue'      : 1,  # 34
  'Long Meadows'       : 1,  # 66
  'Goodlake Close'     : 1,  # 41
  'Bexley Close'       : 1,  # 15
  'Ridgeway'           : 3,  # 14, 18, 31
  'Vineway'            : 6,  # 3, 4, 28, 34, 54, 67
  'Deepdale'           : 2,  # 11, 14
  'Easterling'         : 2,  # 3, 7
  'Larkesfield'        : 4,  # 5, 21, 42, 61
  'Lynton Close'       : 2,  # 3, 8
  'King George Avenue' : 1,  # 82
  'Crooked Elms'       : 3,  # 13, 20, 30
  'Lee Road'           : 1,  # 78
  'Fronks Road'        : 4,  # 4, 94, 98, 163
  'Third Avenue'       : 2,  # 10, 12
  'The Drive'          : 2,  # 4, 29
  'Seafields'          : 2,  # 15, 38
  'Manor Road'         : 6,  # 4, 33, 42, 72, 74, 94
  'Manor Lane'         : 2,  # 19, 42
  'Elizabeth Road'     : 7,  # 18, 20, 36, 46, 52, 68, 70
  'Grange Road'        : 2,  # 25, 59
  'Newton Road'        : 1,  # 3
}

TitleMap05 = {               # TitleMap()
  'Sun'       : '1234567',
  'Star'      : '1234567',
  'Standard'  : '5',
  'Mail'      : '1234567',
  'Times'     : '1234567',
  'I'         : '123456',
  'Telegraph' : '1234567',
  'Anglian'   : '6',
  'Express'   : '1234567',
  'Mirror'    : '1234567',
  'People'    : '7'
}
